Worktree-scoped local development sandboxes

Usage:
  sbx <command> [flags]

Commands:
  plan    Show what sandbox would be created for this worktree
  build   Build this project’s image and register it with the backend
  run     Run a one-off command in a disposable sandbox
  up      Create or start the sandbox
  exec    Run a guest command in the sandbox (creating/starting if needed)
  status  Show the sandbox’s identity, state, and drift
  logs    Show the sandbox’s logs
  stop    Stop the sandbox, keeping its state and volumes
  rm      Remove the sandbox (requires confirmation)
  port    Manage sandbox ports

Flags:
  -h, --help     Show this help and exit
  --plain        Drop all decoration: color, bold, borders (alias --no-color)
  -V, --version  Show the version and exit
